Build target: SHIP
[[90m21:06:40[39m] Using gulpfile C:\Source\SPSE\ListControl\gulpfile.js
[[90m21:06:40[39m] Starting gulp
[[90m21:06:40[39m] Starting 'bundle'...
[[90m21:06:40[39m] Starting subtask '[36mconfigure-sp-build-rig[39m'...
[[90m21:06:40[39m] Finished subtask '[36mconfigure-sp-build-rig[39m' after [35m28 ms[39m
[[90m21:06:40[39m] Starting subtask '[36mpre-copy[39m'...
[[90m21:06:40[39m] Finished subtask '[36mpre-copy[39m' after [35m67 ms[39m
[[90m21:06:40[39m] Starting subtask '[36mcopy-static-assets[39m'...
[[90m21:06:40[39m] Starting subtask '[36msass[39m'...
[[90m21:06:46[39m] Finished subtask '[36msass[39m' after [35m6.05 s[39m
[[90m21:06:46[39m] Starting subtask '[36mtypescript[39m'...
[[90m21:06:46[39m] [[36mtypescript[39m] TypeScript version: 2.4.2
[[90m21:06:47[39m] Finished subtask '[36mcopy-static-assets[39m' after [35m6.63 s[39m
[[90m21:06:53[39m] Finished subtask '[36mtypescript[39m' after [35m7.15 s[39m
[[90m21:06:53[39m] Starting subtask '[36mts-npm-lint[39m'...
[[90m21:06:53[39m] Finished subtask '[36mts-npm-lint[39m' after [35m165 ms[39m
[[90m21:06:53[39m] Starting subtask '[36mapi-extractor[39m'...
[[90m21:06:53[39m] Finished subtask '[36mapi-extractor[39m' after [35m795 ╬╝s[39m
[[90m21:06:53[39m] Starting subtask '[36mpost-copy[39m'...
[[90m21:06:53[39m] Finished subtask '[36mpost-copy[39m' after [35m294 ╬╝s[39m
[[90m21:06:53[39m] Starting subtask '[36mcollectLocalizedResources[39m'...
[[90m21:06:53[39m] Finished subtask '[36mcollectLocalizedResources[39m' after [35m23 ms[39m
[[90m21:06:53[39m] Starting subtask '[36mconfigure-webpack[39m'...
[[90m21:07:04[39m] Finished subtask '[36mconfigure-webpack[39m' after [35m10 s[39m
[[90m21:07:04[39m] Starting subtask '[36mwebpack[39m'...
[[90m21:07:21[39m] Finished subtask '[36mwebpack[39m' after [35m18 s[39m
[[90m21:07:21[39m] Starting subtask '[36mconfigure-webpack-external-bundling[39m'...
[[90m21:07:21[39m] Finished subtask '[36mconfigure-webpack-external-bundling[39m' after [35m1.33 ms[39m
[[90m21:07:21[39m] Starting subtask '[36mcopy-assets[39m'...
[[90m21:07:22[39m] Finished subtask '[36mcopy-assets[39m' after [35m403 ms[39m
[[90m21:07:22[39m] Starting subtask '[36mwrite-manifests[39m'...
[[90m21:07:32[39m] Finished subtask '[36mwrite-manifests[39m' after [35m10 s[39m
[[90m21:07:32[39m] Finished 'bundle' after 52 s
[[90m21:07:33[39m] [35m==================[ Finished ]==================[39m
[[90m21:07:33[39m] Project list-control-se version:[33m0.0.1[39m
[[90m21:07:33[39m] Build tools version:[33m3.7.4[39m
[[90m21:07:33[39m] Node version:[33mv10.24.1[39m
[[90m21:07:33[39m] Total duration:[33m1.13 min[39m
