Build target: SHIP
[[90m17:19:37[39m] Using gulpfile C:\Source\SPSE\ListControl\gulpfile.js
[[90m17:19:37[39m] Starting gulp
[[90m17:19:37[39m] Starting 'package-solution'...
[[90m17:19:37[39m] Starting subtask '[36mconfigure-sp-build-rig[39m'...
[[90m17:19:37[39m] Finished subtask '[36mconfigure-sp-build-rig[39m' after [35m8.48 ms[39m
[[90m17:19:37[39m] Starting subtask '[36mpackage-solution[39m'...
[[90m17:19:37[39m] [[36mpackage-solution[39m] Found manifest: C:\Source\SPSE\ListControl\temp\deploy\3fbfa88a-4ac3-4b8e-b7a6-eb5256cc7001.json
[[90m17:19:37[39m] [[36mpackage-solution[39m] [36mFound client-side build resource: list-control-web-part_10475b1855461ef5a646ce6e5151ec4e.js[39m
[[90m17:19:37[39m] [[36mpackage-solution[39m] [36mFound client-side build resource: list-control-web-part_152475c0c399b0fbb488bed10ac8627e.js[39m
[[90m17:19:37[39m] [[36mpackage-solution[39m] [36mFound client-side build resource: list-control-web-part_18a485df80d2c41856a33023552a06b9.js[39m
[[90m17:19:37[39m] [[36mpackage-solution[39m] [36mFound client-side build resource: list-control-web-part_2f74a0092918c56529f7eea9fc946ee0.js[39m
[[90m17:19:37[39m] [[36mpackage-solution[39m] [36mFound client-side build resource: list-control-web-part_4554df888906ba688ec47418bb7e688b.js[39m
[[90m17:19:37[39m] [[36mpackage-solution[39m] [36mFound client-side build resource: list-control-web-part_4afbea4c687cd78f16adad8addd6898e.js[39m
[[90m17:19:37[39m] [[36mpackage-solution[39m] [36mFound client-side build resource: list-control-web-part_4bc9064926ff11c4c216a389caa4fb06.js[39m
[[90m17:19:37[39m] [[36mpackage-solution[39m] [36mFound client-side build resource: list-control-web-part_55d660d1b3bd94504fbf89b9914c785a.js[39m
[[90m17:19:37[39m] [[36mpackage-solution[39m] [36mFound client-side build resource: list-control-web-part_6a75b2c4d51912b31f2ac0ccbfe79d5a.js[39m
[[90m17:19:37[39m] [[36mpackage-solution[39m] [36mFound client-side build resource: list-control-web-part_896afacbedadb023525b71f9bee14da5.js[39m
[[90m17:19:37[39m] [[36mpackage-solution[39m] [36mFound client-side build resource: list-control-web-part_8f0cbf3ec7040edd0b3b2331cd3e43ba.js[39m
[[90m17:19:37[39m] [[36mpackage-solution[39m] [36mFound client-side build resource: list-control-web-part_9636d2b71ff0666eaa4e323997d946ea.js[39m
[[90m17:19:37[39m] [[36mpackage-solution[39m] [36mFound client-side build resource: list-control-web-part_9757a5101084abc5736bdaec29ffe14a.js[39m
[[90m17:19:37[39m] [[36mpackage-solution[39m] [36mFound client-side build resource: list-control-web-part_99966d093ee189d8f906a287fca8ddc7.js[39m
[[90m17:19:37[39m] [[36mpackage-solution[39m] [36mFound client-side build resource: list-control-web-part_a602f65041e2d1988900293da8fb0e9f.js[39m
[[90m17:19:37[39m] [[36mpackage-solution[39m] [36mFound client-side build resource: list-control-web-part_bddd42cce2c1813b4b6b7c1813750658.js[39m
[[90m17:19:37[39m] [[36mpackage-solution[39m] [36mFound client-side build resource: list-control-web-part_c5030c9bcbfa1f0f7eb00e312842e476.js[39m
[[90m17:19:37[39m] [[36mpackage-solution[39m] [36mFound client-side build resource: listcontrol-listcontrolwebpartstrings_en-us_2640b7857565cd863655251db9e80c8b.js[39m
[[90m17:19:37[39m] [[36mpackage-solution[39m] [36mFound client-side build resource: listcontrol-listcontrolwebpartstrings_en-us_34afe3146c26484ecd3f754a9b294dd7.js[39m
[[90m17:19:37[39m] [[36mpackage-solution[39m] [36mFound client-side build resource: listcontrol-listcontrolwebpartstrings_en-us_5ebe3065380f51299867184729149fbc.js[39m
[[90m17:19:37[39m] [[36mpackage-solution[39m] [36mFound client-side build resource: listcontrol-listcontrolwebpartstrings_en-us_728a6d4ec48baf834583afccd7284b67.js[39m
[[90m17:19:37[39m] [[36mpackage-solution[39m] [36mFound client-side build resource: listcontrol-listcontrolwebpartstrings_en-us_9fa549a5183fe3c60ca60fe828aa1805.js[39m
[[90m17:19:37[39m] [[36mpackage-solution[39m] [36mFound client-side build resource: listcontrol-listcontrolwebpartstrings_en-us_b06d11e7157e871ec395034d2a926282.js[39m
[[90m17:19:37[39m] [[36mpackage-solution[39m] [36mFound client-side build resource: listcontrol-listcontrolwebpartstrings_en-us_c6d1b183a2524913ebd3f359da21d026.js[39m
[[90m17:19:37[39m] [[36mpackage-solution[39m] [36mFound client-side build resource: listcontrol-listcontrolwebpartstrings_en-us_c6d509b8c9b3fd5931ecdc63fce332e2.js[39m
[[90m17:19:37[39m] [[36mpackage-solution[39m] [36mFound client-side build resource: listcontrol-listcontrolwebpartstrings_en-us_ee09c47ed2b554528d66cc36ba72fea8.js[39m
[[90m17:19:37[39m] [[36mpackage-solution[39m] [36mFound client-side build resource: listcontrol-propertycontrolstrings_en-us_3496584cdd1e0cb09550ba44102e18a6.js[39m
[[90m17:19:37[39m] [33mVerifying configuration...[39m
[[90m17:19:37[39m] [32mDone![39m
[[90m17:19:37[39m] 
[[90m17:19:37[39m] [33mNormalizing solution information...[39m
[[90m17:19:37[39m] Attempting creating component definitions for {1} manifests
[[90m17:19:37[39m] Created component definitions for {1} manifests
[[90m17:19:37[39m] feature.componentIds not set! Adding all [1] components to feature { List Control Feature }.
[[90m17:19:37[39m] [32mDone![39m
[[90m17:19:37[39m] 
[[90m17:19:37[39m] [33mReading custom Feature XML...[39m
[[90m17:19:37[39m] [32mDone![39m
[[90m17:19:37[39m] 
[[90m17:19:37[39m] [33mValidating App Package...[39m
[[90m17:19:37[39m] [32mDone![39m
[[90m17:19:37[39m] 
[[90m17:19:37[39m] [33mReading resources...[39m
[[90m17:19:37[39m] [32mDone![39m
[[90m17:19:37[39m] 
[[90m17:19:37[39m] [33mReading Sharepoint Assets & Creating XML...[39m
[[90m17:19:37[39m] [32mDone![39m
[[90m17:19:37[39m] 
[[90m17:19:37[39m] [33mWriting solution XML to sharepoint\solution\debug...[39m
[[90m17:19:37[39m] Cleaned sharepoint\solution\debug
[[90m17:19:37[39m] Created file: sharepoint\solution\debug\AppManifest.xml
[[90m17:19:37[39m] Created file: sharepoint\solution\debug\ca9ab008-a03d-4cc9-8f57-a15f0f3d4001\WebPart_3fbfa88a-4ac3-4b8e-b7a6-eb5256cc7001.xml
[[90m17:19:37[39m] Created file: sharepoint\solution\debug\_rels\ClientSideAssets.xml.rels
[[90m17:19:37[39m] Created file: sharepoint\solution\debug\ClientSideAssets\list-control-web-part_10475b1855461ef5a646ce6e5151ec4e.js
[[90m17:19:37[39m] Created file: sharepoint\solution\debug\[Content_Types].xml
[[90m17:19:37[39m] Created file: sharepoint\solution\debug\feature_ca9ab008-a03d-4cc9-8f57-a15f0f3d4001.xml
[[90m17:19:37[39m] Created file: sharepoint\solution\debug\feature_ca9ab008-a03d-4cc9-8f57-a15f0f3d4001.xml.config.xml
[[90m17:19:37[39m] Created file: sharepoint\solution\debug\ClientSideAssets.xml
[[90m17:19:37[39m] Created file: sharepoint\solution\debug\ClientSideAssets.xml.config.xml
[[90m17:19:37[39m] Created file: sharepoint\solution\debug\ClientSideAssets\list-control-web-part_152475c0c399b0fbb488bed10ac8627e.js
[[90m17:19:37[39m] Created file: sharepoint\solution\debug\ClientSideAssets\list-control-web-part_18a485df80d2c41856a33023552a06b9.js
[[90m17:19:37[39m] Created file: sharepoint\solution\debug\ClientSideAssets\list-control-web-part_2f74a0092918c56529f7eea9fc946ee0.js
[[90m17:19:37[39m] Created file: sharepoint\solution\debug\ClientSideAssets\list-control-web-part_4bc9064926ff11c4c216a389caa4fb06.js
[[90m17:19:37[39m] Created file: sharepoint\solution\debug\ClientSideAssets\list-control-web-part_4554df888906ba688ec47418bb7e688b.js
[[90m17:19:37[39m] Created file: sharepoint\solution\debug\ClientSideAssets\list-control-web-part_4afbea4c687cd78f16adad8addd6898e.js
[[90m17:19:37[39m] Created file: sharepoint\solution\debug\ClientSideAssets\list-control-web-part_55d660d1b3bd94504fbf89b9914c785a.js
[[90m17:19:37[39m] Created file: sharepoint\solution\debug\ClientSideAssets\list-control-web-part_6a75b2c4d51912b31f2ac0ccbfe79d5a.js
[[90m17:19:37[39m] Created file: sharepoint\solution\debug\ClientSideAssets\list-control-web-part_896afacbedadb023525b71f9bee14da5.js
[[90m17:19:37[39m] Created file: sharepoint\solution\debug\ClientSideAssets\list-control-web-part_8f0cbf3ec7040edd0b3b2331cd3e43ba.js
[[90m17:19:37[39m] Created file: sharepoint\solution\debug\ClientSideAssets\list-control-web-part_9636d2b71ff0666eaa4e323997d946ea.js
[[90m17:19:37[39m] Created file: sharepoint\solution\debug\ClientSideAssets\list-control-web-part_9757a5101084abc5736bdaec29ffe14a.js
[[90m17:19:37[39m] Created file: sharepoint\solution\debug\ClientSideAssets\list-control-web-part_99966d093ee189d8f906a287fca8ddc7.js
[[90m17:19:37[39m] Created file: sharepoint\solution\debug\ClientSideAssets\list-control-web-part_a602f65041e2d1988900293da8fb0e9f.js
[[90m17:19:37[39m] Created file: sharepoint\solution\debug\ClientSideAssets\list-control-web-part_bddd42cce2c1813b4b6b7c1813750658.js
[[90m17:19:37[39m] Created file: sharepoint\solution\debug\ClientSideAssets\list-control-web-part_c5030c9bcbfa1f0f7eb00e312842e476.js
[[90m17:19:37[39m] Created file: sharepoint\solution\debug\ClientSideAssets\listcontrol-listcontrolwebpartstrings_en-us_2640b7857565cd863655251db9e80c8b.js
[[90m17:19:37[39m] Created file: sharepoint\solution\debug\ClientSideAssets\listcontrol-listcontrolwebpartstrings_en-us_728a6d4ec48baf834583afccd7284b67.js
[[90m17:19:37[39m] Created file: sharepoint\solution\debug\ClientSideAssets\listcontrol-listcontrolwebpartstrings_en-us_5ebe3065380f51299867184729149fbc.js
[[90m17:19:37[39m] Created file: sharepoint\solution\debug\ClientSideAssets\listcontrol-listcontrolwebpartstrings_en-us_34afe3146c26484ecd3f754a9b294dd7.js
[[90m17:19:38[39m] Created file: sharepoint\solution\debug\ClientSideAssets\listcontrol-listcontrolwebpartstrings_en-us_9fa549a5183fe3c60ca60fe828aa1805.js
[[90m17:19:38[39m] Created file: sharepoint\solution\debug\ClientSideAssets\listcontrol-listcontrolwebpartstrings_en-us_b06d11e7157e871ec395034d2a926282.js
[[90m17:19:38[39m] Created file: sharepoint\solution\debug\ClientSideAssets\listcontrol-listcontrolwebpartstrings_en-us_c6d509b8c9b3fd5931ecdc63fce332e2.js
[[90m17:19:38[39m] Created file: sharepoint\solution\debug\ClientSideAssets\listcontrol-propertycontrolstrings_en-us_3496584cdd1e0cb09550ba44102e18a6.js
[[90m17:19:38[39m] Created file: sharepoint\solution\debug\ClientSideAssets\listcontrol-listcontrolwebpartstrings_en-us_ee09c47ed2b554528d66cc36ba72fea8.js
[[90m17:19:38[39m] Created file: sharepoint\solution\debug\ClientSideAssets\listcontrol-listcontrolwebpartstrings_en-us_c6d1b183a2524913ebd3f359da21d026.js
[[90m17:19:38[39m] Created file: sharepoint\solution\debug\_rels\AppManifest.xml.rels
[[90m17:19:38[39m] Created file: sharepoint\solution\debug\_rels\feature_ca9ab008-a03d-4cc9-8f57-a15f0f3d4001.xml.rels
[[90m17:19:38[39m] Created file: sharepoint\solution\debug\_rels\.rels
[[90m17:19:39[39m] Created file: sharepoint\solution\list-control.sppkg
[[90m17:19:39[39m] [32mDone![39m
[[90m17:19:39[39m] 
[[90m17:19:39[39m] [1m[32mALL DONE![39m[22m
[[90m17:19:39[39m] 
[[90m17:19:39[39m] Finished subtask '[36mpackage-solution[39m' after [35m1.81 s[39m
[[90m17:19:39[39m] Finished 'package-solution' after 1.82 s
[[90m17:19:39[39m] [35m==================[ Finished ]==================[39m
[[90m17:19:40[39m] Project list-control-se version:[33m0.0.1[39m
[[90m17:19:40[39m] Build tools version:[33m3.7.4[39m
[[90m17:19:40[39m] Node version:[33mv10.24.1[39m
[[90m17:19:40[39m] Total duration:[33m8.19 s[39m
