Build target: SHIP
[[90m21:42:39[39m] Using gulpfile C:\Source\SPSE\ListControl\gulpfile.js
[[90m21:42:39[39m] Starting gulp
[[90m21:42:39[39m] Starting 'bundle'...
[[90m21:42:39[39m] Starting subtask '[36mconfigure-sp-build-rig[39m'...
[[90m21:42:39[39m] Finished subtask '[36mconfigure-sp-build-rig[39m' after [35m12 ms[39m
[[90m21:42:39[39m] Starting subtask '[36mpre-copy[39m'...
[[90m21:42:39[39m] Finished subtask '[36mpre-copy[39m' after [35m22 ms[39m
[[90m21:42:39[39m] Starting subtask '[36mcopy-static-assets[39m'...
[[90m21:42:39[39m] Starting subtask '[36msass[39m'...
[[90m21:42:41[39m] Finished subtask '[36msass[39m' after [35m1.58 s[39m
[[90m21:42:41[39m] Starting subtask '[36mtypescript[39m'...
[[90m21:42:41[39m] [[36mtypescript[39m] TypeScript version: 2.4.2
[[90m21:42:41[39m] Finished subtask '[36mcopy-static-assets[39m' after [35m1.75 s[39m
[[90m21:42:43[39m] Finished subtask '[36mtypescript[39m' after [35m2.44 s[39m
[[90m21:42:43[39m] Starting subtask '[36mts-npm-lint[39m'...
[[90m21:42:43[39m] Finished subtask '[36mts-npm-lint[39m' after [35m40 ms[39m
[[90m21:42:43[39m] Starting subtask '[36mapi-extractor[39m'...
[[90m21:42:43[39m] Finished subtask '[36mapi-extractor[39m' after [35m461 ╬╝s[39m
[[90m21:42:43[39m] Starting subtask '[36mpost-copy[39m'...
[[90m21:42:43[39m] Finished subtask '[36mpost-copy[39m' after [35m184 ╬╝s[39m
[[90m21:42:43[39m] Starting subtask '[36mcollectLocalizedResources[39m'...
[[90m21:42:43[39m] Finished subtask '[36mcollectLocalizedResources[39m' after [35m7.53 ms[39m
[[90m21:42:43[39m] Starting subtask '[36mconfigure-webpack[39m'...
[[90m21:42:46[39m] Finished subtask '[36mconfigure-webpack[39m' after [35m2.49 s[39m
[[90m21:42:46[39m] Starting subtask '[36mwebpack[39m'...
[[90m21:42:52[39m] Finished subtask '[36mwebpack[39m' after [35m6.34 s[39m
[[90m21:42:52[39m] Starting subtask '[36mconfigure-webpack-external-bundling[39m'...
[[90m21:42:52[39m] Finished subtask '[36mconfigure-webpack-external-bundling[39m' after [35m783 ╬╝s[39m
[[90m21:42:52[39m] Starting subtask '[36mcopy-assets[39m'...
[[90m21:42:52[39m] Finished subtask '[36mcopy-assets[39m' after [35m234 ms[39m
[[90m21:42:52[39m] Starting subtask '[36mwrite-manifests[39m'...
[[90m21:42:56[39m] Finished subtask '[36mwrite-manifests[39m' after [35m3.8 s[39m
[[90m21:42:56[39m] Finished 'bundle' after 17 s
[[90m21:42:57[39m] [35m==================[ Finished ]==================[39m
[[90m21:42:57[39m] Project list-control-se version:[33m0.0.1[39m
[[90m21:42:57[39m] Build tools version:[33m3.7.4[39m
[[90m21:42:57[39m] Node version:[33mv10.24.1[39m
[[90m21:42:57[39m] Total duration:[33m23 s[39m
