Build target: SHIP
[[90m17:33:38[39m] Using gulpfile C:\Source\SPSE\ListControl\gulpfile.js
[[90m17:33:38[39m] Starting gulp
[[90m17:33:38[39m] Starting 'bundle'...
[[90m17:33:38[39m] Starting subtask '[36mconfigure-sp-build-rig[39m'...
[[90m17:33:38[39m] Finished subtask '[36mconfigure-sp-build-rig[39m' after [35m111 ms[39m
[[90m17:33:38[39m] Starting subtask '[36mpre-copy[39m'...
[[90m17:33:39[39m] Finished subtask '[36mpre-copy[39m' after [35m571 ms[39m
[[90m17:33:39[39m] Starting subtask '[36mcopy-static-assets[39m'...
[[90m17:33:39[39m] Starting subtask '[36msass[39m'...
[[90m17:34:17[39m] Finished subtask '[36msass[39m' after [35m38 s[39m
[[90m17:34:17[39m] Starting subtask '[36mtypescript[39m'...
[[90m17:34:17[39m] [[36mtypescript[39m] TypeScript version: 2.4.2
[[90m17:34:17[39m] Finished subtask '[36mcopy-static-assets[39m' after [35m39 s[39m
[[90m17:34:23[39m] Finished subtask '[36mtypescript[39m' after [35m5.91 s[39m
[[90m17:34:23[39m] Starting subtask '[36mts-npm-lint[39m'...
[[90m17:34:23[39m] Finished subtask '[36mts-npm-lint[39m' after [35m163 ms[39m
[[90m17:34:23[39m] Starting subtask '[36mapi-extractor[39m'...
[[90m17:34:23[39m] Finished subtask '[36mapi-extractor[39m' after [35m644 ╬╝s[39m
[[90m17:34:23[39m] Starting subtask '[36mpost-copy[39m'...
[[90m17:34:23[39m] Finished subtask '[36mpost-copy[39m' after [35m228 ╬╝s[39m
[[90m17:34:23[39m] Starting subtask '[36mcollectLocalizedResources[39m'...
[[90m17:34:23[39m] Finished subtask '[36mcollectLocalizedResources[39m' after [35m12 ms[39m
[[90m17:34:23[39m] Starting subtask '[36mconfigure-webpack[39m'...
[[90m17:34:32[39m] Finished subtask '[36mconfigure-webpack[39m' after [35m8.99 s[39m
[[90m17:34:32[39m] Starting subtask '[36mwebpack[39m'...
[[90m17:35:36[39m] Finished subtask '[36mwebpack[39m' after [35m1.07 min[39m
[[90m17:35:36[39m] Starting subtask '[36mconfigure-webpack-external-bundling[39m'...
[[90m17:35:36[39m] Finished subtask '[36mconfigure-webpack-external-bundling[39m' after [35m1.77 ms[39m
[[90m17:35:36[39m] Starting subtask '[36mcopy-assets[39m'...
[[90m17:35:37[39m] Finished subtask '[36mcopy-assets[39m' after [35m479 ms[39m
[[90m17:35:37[39m] Starting subtask '[36mwrite-manifests[39m'...
[[90m17:35:59[39m] Finished subtask '[36mwrite-manifests[39m' after [35m22 s[39m
[[90m17:35:59[39m] Finished 'bundle' after 2.33 min
[[90m17:35:59[39m] [35m==================[ Finished ]==================[39m
[[90m17:36:00[39m] Project list-control-se version:[33m0.0.1[39m
[[90m17:36:00[39m] Build tools version:[33m3.7.4[39m
[[90m17:36:00[39m] Node version:[33mv10.24.1[39m
[[90m17:36:00[39m] Total duration:[33m4.2 min[39m
