Build target: SHIP
[[90m20:35:05[39m] Using gulpfile C:\Source\SPSE\ListControl\gulpfile.js
[[90m20:35:05[39m] Starting gulp
[[90m20:35:05[39m] Starting 'bundle'...
[[90m20:35:05[39m] Starting subtask '[36mconfigure-sp-build-rig[39m'...
[[90m20:35:05[39m] Finished subtask '[36mconfigure-sp-build-rig[39m' after [35m76 ms[39m
[[90m20:35:05[39m] Starting subtask '[36mpre-copy[39m'...
[[90m20:35:05[39m] Finished subtask '[36mpre-copy[39m' after [35m436 ms[39m
[[90m20:35:05[39m] Starting subtask '[36mcopy-static-assets[39m'...
[[90m20:35:05[39m] Starting subtask '[36msass[39m'...
[[90m20:35:41[39m] Finished subtask '[36msass[39m' after [35m36 s[39m
[[90m20:35:41[39m] Starting subtask '[36mtypescript[39m'...
[[90m20:35:41[39m] [[36mtypescript[39m] TypeScript version: 2.4.2
[[90m20:35:41[39m] Finished subtask '[36mcopy-static-assets[39m' after [35m36 s[39m
[[90m20:35:47[39m] Finished subtask '[36mtypescript[39m' after [35m6.62 s[39m
[[90m20:35:47[39m] Starting subtask '[36mts-npm-lint[39m'...
[[90m20:35:48[39m] Finished subtask '[36mts-npm-lint[39m' after [35m110 ms[39m
[[90m20:35:48[39m] Starting subtask '[36mapi-extractor[39m'...
[[90m20:35:48[39m] Finished subtask '[36mapi-extractor[39m' after [35m677 ╬╝s[39m
[[90m20:35:48[39m] Starting subtask '[36mpost-copy[39m'...
[[90m20:35:48[39m] Finished subtask '[36mpost-copy[39m' after [35m178 ╬╝s[39m
[[90m20:35:48[39m] Starting subtask '[36mcollectLocalizedResources[39m'...
[[90m20:35:48[39m] Finished subtask '[36mcollectLocalizedResources[39m' after [35m11 ms[39m
[[90m20:35:48[39m] Starting subtask '[36mconfigure-webpack[39m'...
[[90m20:36:00[39m] Finished subtask '[36mconfigure-webpack[39m' after [35m12 s[39m
[[90m20:36:00[39m] Starting subtask '[36mwebpack[39m'...
[[90m20:36:33[39m] Finished subtask '[36mwebpack[39m' after [35m33 s[39m
[[90m20:36:33[39m] Starting subtask '[36mconfigure-webpack-external-bundling[39m'...
[[90m20:36:33[39m] Finished subtask '[36mconfigure-webpack-external-bundling[39m' after [35m817 ╬╝s[39m
[[90m20:36:33[39m] Starting subtask '[36mcopy-assets[39m'...
[[90m20:36:33[39m] Finished subtask '[36mcopy-assets[39m' after [35m184 ms[39m
[[90m20:36:33[39m] Starting subtask '[36mwrite-manifests[39m'...
[[90m20:36:38[39m] Finished subtask '[36mwrite-manifests[39m' after [35m4.69 s[39m
[[90m20:36:38[39m] Finished 'bundle' after 1.55 min
[[90m20:36:38[39m] [35m==================[ Finished ]==================[39m
[[90m20:36:39[39m] Project list-control-se version:[33m0.0.1[39m
[[90m20:36:39[39m] Build tools version:[33m3.7.4[39m
[[90m20:36:39[39m] Node version:[33mv10.24.1[39m
[[90m20:36:39[39m] Total duration:[33m3.55 min[39m
