Build target: SHIP
[[90m21:00:11[39m] Using gulpfile C:\Source\SPSE\ListControl\gulpfile.js
[[90m21:00:11[39m] Starting gulp
[[90m21:00:11[39m] Starting 'bundle'...
[[90m21:00:11[39m] Starting subtask '[36mconfigure-sp-build-rig[39m'...
[[90m21:00:11[39m] Finished subtask '[36mconfigure-sp-build-rig[39m' after [35m52 ms[39m
[[90m21:00:11[39m] Starting subtask '[36mpre-copy[39m'...
[[90m21:00:12[39m] Finished subtask '[36mpre-copy[39m' after [35m319 ms[39m
[[90m21:00:12[39m] Starting subtask '[36mcopy-static-assets[39m'...
[[90m21:00:12[39m] Starting subtask '[36msass[39m'...
[[90m21:00:36[39m] Finished subtask '[36msass[39m' after [35m24 s[39m
[[90m21:00:36[39m] Starting subtask '[36mtypescript[39m'...
[[90m21:00:36[39m] [[36mtypescript[39m] TypeScript version: 2.4.2
[[90m21:00:36[39m] Finished subtask '[36mcopy-static-assets[39m' after [35m24 s[39m
[[90m21:00:39[39m] Finished subtask '[36mtypescript[39m' after [35m3.82 s[39m
[[90m21:00:39[39m] Starting subtask '[36mts-npm-lint[39m'...
[[90m21:00:39[39m] Finished subtask '[36mts-npm-lint[39m' after [35m78 ms[39m
[[90m21:00:39[39m] Starting subtask '[36mapi-extractor[39m'...
[[90m21:00:39[39m] Finished subtask '[36mapi-extractor[39m' after [35m729 ╬╝s[39m
[[90m21:00:39[39m] Starting subtask '[36mpost-copy[39m'...
[[90m21:00:39[39m] Finished subtask '[36mpost-copy[39m' after [35m178 ╬╝s[39m
[[90m21:00:39[39m] Starting subtask '[36mcollectLocalizedResources[39m'...
[[90m21:00:39[39m] Finished subtask '[36mcollectLocalizedResources[39m' after [35m9.83 ms[39m
[[90m21:00:39[39m] Starting subtask '[36mconfigure-webpack[39m'...
[[90m21:00:47[39m] Finished subtask '[36mconfigure-webpack[39m' after [35m7.09 s[39m
[[90m21:00:47[39m] Starting subtask '[36mwebpack[39m'...
[[90m21:01:18[39m] Finished subtask '[36mwebpack[39m' after [35m31 s[39m
[[90m21:01:18[39m] Starting subtask '[36mconfigure-webpack-external-bundling[39m'...
[[90m21:01:18[39m] Finished subtask '[36mconfigure-webpack-external-bundling[39m' after [35m786 ╬╝s[39m
[[90m21:01:18[39m] Starting subtask '[36mcopy-assets[39m'...
[[90m21:01:18[39m] Finished subtask '[36mcopy-assets[39m' after [35m200 ms[39m
[[90m21:01:18[39m] Starting subtask '[36mwrite-manifests[39m'...
[[90m21:01:22[39m] Finished subtask '[36mwrite-manifests[39m' after [35m3.77 s[39m
[[90m21:01:22[39m] Finished 'bundle' after 1.17 min
[[90m21:01:22[39m] [35m==================[ Finished ]==================[39m
[[90m21:01:23[39m] Project list-control-se version:[33m0.0.1[39m
[[90m21:01:23[39m] Build tools version:[33m3.7.4[39m
[[90m21:01:23[39m] Node version:[33mv10.24.1[39m
[[90m21:01:23[39m] Total duration:[33m2.48 min[39m
